2025-12-27 09:54:48 | INFO     | USER ACTION: TRUCK_RECOMMENDATION_PAGE_ACCESS
Details: {
  "method": "GET",
  "user_agent": "Mozilla/5.0 (Windows NT 10.0; Win64; x64) AppleWebKit/537.36 (KHTML, like Gecko) Chrome/143.0.0.0 Safari/537.36",
  "timestamp": "2025-12-27T09:54:48.164926"
}
2025-12-27 09:55:28 | INFO     | USER ACTION: TRUCK_RECOMMENDATION_PAGE_ACCESS
Details: {
  "method": "POST",
  "user_agent": "Mozilla/5.0 (Windows NT 10.0; Win64; x64) AppleWebKit/537.36 (KHTML, like Gecko) Chrome/143.0.0.0 Safari/537.36",
  "timestamp": "2025-12-27T09:55:28.000032"
}
2025-12-27 09:55:28 | INFO     | USER ACTION: TRUCK_RECOMMENDATION_FORM_SUBMIT
Details: {
  "form_data": {
    "carton_type_1": "1",
    "carton_qty_1": "50",
    "carton_value_1": "0.0",
    "optimization_goal": "balanced"
  },
  "timestamp": "2025-12-27T09:55:28.002501"
}
2025-12-27 09:55:28 | INFO     | USER ACTION: TRUCK_RECOMMENDATION_PAGE_ACCESS
Details: {
  "method": "GET",
  "user_agent": "Mozilla/5.0 (Windows NT 10.0; Win64; x64) AppleWebKit/537.36 (KHTML, like Gecko) Chrome/143.0.0.0 Safari/537.36",
  "timestamp": "2025-12-27T09:55:28.404405"
}
2025-12-27 09:58:18 | INFO     | USER ACTION: TRUCK_RECOMMENDATION_PAGE_ACCESS
Details: {
  "method": "GET",
  "user_agent": "Mozilla/5.0 (Windows NT 10.0; Win64; x64) AppleWebKit/537.36 (KHTML, like Gecko) Chrome/143.0.0.0 Safari/537.36",
  "timestamp": "2025-12-27T09:58:18.800711"
}
2025-12-27 09:58:44 | INFO     | USER ACTION: TRUCK_RECOMMENDATION_PAGE_ACCESS
Details: {
  "method": "POST",
  "user_agent": "Mozilla/5.0 (Windows NT 10.0; Win64; x64) AppleWebKit/537.36 (KHTML, like Gecko) Chrome/143.0.0.0 Safari/537.36",
  "timestamp": "2025-12-27T09:58:44.286446"
}
2025-12-27 09:58:44 | INFO     | USER ACTION: TRUCK_RECOMMENDATION_FORM_SUBMIT
Details: {
  "form_data": {
    "carton_type_1": "1",
    "carton_qty_1": "100",
    "carton_value_1": "0.0",
    "optimization_goal": "balanced"
  },
  "timestamp": "2025-12-27T09:58:44.288407"
}
2025-12-27 09:59:33 | INFO     | USER ACTION: TRUCK_RECOMMENDATION_PAGE_ACCESS
Details: {
  "method": "GET",
  "user_agent": "Mozilla/5.0 (Windows NT 10.0; Win64; x64) AppleWebKit/537.36 (KHTML, like Gecko) Chrome/143.0.0.0 Safari/537.36",
  "timestamp": "2025-12-27T09:59:33.823254"
}
2025-12-27 09:59:49 | INFO     | USER ACTION: TRUCK_RECOMMENDATION_PAGE_ACCESS
Details: {
  "method": "POST",
  "user_agent": "Mozilla/5.0 (Windows NT 10.0; Win64; x64) AppleWebKit/537.36 (KHTML, like Gecko) Chrome/143.0.0.0 Safari/537.36",
  "timestamp": "2025-12-27T09:59:49.034179"
}
2025-12-27 09:59:49 | INFO     | USER ACTION: TRUCK_RECOMMENDATION_FORM_SUBMIT
Details: {
  "form_data": {
    "carton_type_1": "1",
    "carton_qty_1": "100",
    "carton_value_1": "0.0",
    "optimization_goal": "balanced"
  },
  "timestamp": "2025-12-27T09:59:49.035626"
}
