2025-08-26 09:43:05,661 - TruckOptimum - INFO - error_logger.py:286 - ============================================================
2025-08-26 09:43:05,661 - TruckOptimum - INFO - error_logger.py:287 - TRUCKOPTIMUM APPLICATION STARTING
2025-08-26 09:43:05,661 - TruckOptimum - INFO - error_logger.py:288 - ============================================================
2025-08-26 09:43:05,662 - TruckOptimum - INFO - error_logger.py:289 - Python Version: 3.13.5 (tags/v3.13.5:6cb20a2, Jun 11 2025, 16:15:46) [MSC v.1943 64 bit (AMD64)]
2025-08-26 09:43:05,662 - TruckOptimum - INFO - error_logger.py:290 - Platform: win32
2025-08-26 09:43:05,662 - TruckOptimum - INFO - error_logger.py:291 - Working Directory: D:\Github\Truck_Opti\TruckOptimum
2025-08-26 09:43:05,662 - TruckOptimum - INFO - error_logger.py:292 - Executable Path: C:\Users\Prakash\AppData\Local\Programs\Python\Python313\python.exe
2025-08-26 09:43:05,662 - TruckOptimum - INFO - error_logger.py:293 - Error Logging: ENABLED
2025-08-26 09:43:05,662 - TruckOptimum - INFO - error_logger.py:294 - Debug Logging: ENABLED
2025-08-26 09:43:05,662 - TruckOptimum - INFO - error_logger.py:295 - Performance Monitoring: ENABLED
2025-08-26 09:43:05,662 - TruckOptimum - INFO - error_logger.py:296 - ============================================================
2025-08-26 09:43:05,663 - TruckOptimum.Debug - DEBUG - error_logger.py:149 - [STARTUP] Advanced 3D algorithms engine initialized | Details: None
2025-08-26 09:43:05,687 - werkzeug - INFO - _internal.py:97 - [31m[1mWARNING: This is a development server. Do not use it in a production deployment. Use a production WSGI server instead.[0m
 * Running on http://127.0.0.1:5001
2025-08-26 09:43:05,687 - werkzeug - INFO - _internal.py:97 - [33mPress CTRL+C to quit[0m
2025-08-26 09:58:21,914 - TruckOptimum - INFO - error_logger.py:286 - ============================================================
2025-08-26 09:58:21,914 - TruckOptimum - INFO - error_logger.py:287 - TRUCKOPTIMUM APPLICATION STARTING
2025-08-26 09:58:21,914 - TruckOptimum - INFO - error_logger.py:288 - ============================================================
2025-08-26 09:58:21,914 - TruckOptimum - INFO - error_logger.py:289 - Python Version: 3.13.5 (tags/v3.13.5:6cb20a2, Jun 11 2025, 16:15:46) [MSC v.1943 64 bit (AMD64)]
2025-08-26 09:58:21,914 - TruckOptimum - INFO - error_logger.py:290 - Platform: win32
2025-08-26 09:58:21,914 - TruckOptimum - INFO - error_logger.py:291 - Working Directory: D:\Github\Truck_Opti\TruckOptimum
2025-08-26 09:58:21,914 - TruckOptimum - INFO - error_logger.py:292 - Executable Path: C:\Users\Prakash\AppData\Local\Programs\Python\Python313\python.exe
2025-08-26 09:58:21,914 - TruckOptimum - INFO - error_logger.py:293 - Error Logging: ENABLED
2025-08-26 09:58:21,914 - TruckOptimum - INFO - error_logger.py:294 - Debug Logging: ENABLED
2025-08-26 09:58:21,914 - TruckOptimum - INFO - error_logger.py:295 - Performance Monitoring: ENABLED
2025-08-26 09:58:21,914 - TruckOptimum - INFO - error_logger.py:296 - ============================================================
2025-08-26 09:58:21,915 - TruckOptimum.Debug - DEBUG - error_logger.py:149 - [STARTUP] Advanced 3D algorithms engine initialized | Details: None
2025-08-26 09:58:21,939 - werkzeug - INFO - _internal.py:97 - [31m[1mWARNING: This is a development server. Do not use it in a production deployment. Use a production WSGI server instead.[0m
 * Running on http://127.0.0.1:5001
2025-08-26 09:58:21,939 - werkzeug - INFO - _internal.py:97 - [33mPress CTRL+C to quit[0m
2025-08-26 20:11:00,853 - TruckOptimum - INFO - error_logger.py:286 - ============================================================
2025-08-26 20:11:00,853 - TruckOptimum - INFO - error_logger.py:287 - TRUCKOPTIMUM APPLICATION STARTING
2025-08-26 20:11:00,853 - TruckOptimum - INFO - error_logger.py:288 - ============================================================
2025-08-26 20:11:00,853 - TruckOptimum - INFO - error_logger.py:289 - Python Version: 3.13.5 (tags/v3.13.5:6cb20a2, Jun 11 2025, 16:15:46) [MSC v.1943 64 bit (AMD64)]
2025-08-26 20:11:00,854 - TruckOptimum - INFO - error_logger.py:290 - Platform: win32
2025-08-26 20:11:00,854 - TruckOptimum - INFO - error_logger.py:291 - Working Directory: D:\Github\Truck_Opti\TruckOptimum
2025-08-26 20:11:00,854 - TruckOptimum - INFO - error_logger.py:292 - Executable Path: C:\Users\Prakash\AppData\Local\Programs\Python\Python313\python.exe
2025-08-26 20:11:00,854 - TruckOptimum - INFO - error_logger.py:293 - Error Logging: ENABLED
2025-08-26 20:11:00,854 - TruckOptimum - INFO - error_logger.py:294 - Debug Logging: ENABLED
2025-08-26 20:11:00,854 - TruckOptimum - INFO - error_logger.py:295 - Performance Monitoring: ENABLED
2025-08-26 20:11:00,854 - TruckOptimum - INFO - error_logger.py:296 - ============================================================
2025-08-26 20:11:00,856 - TruckOptimum.Debug - DEBUG - error_logger.py:149 - [STARTUP] Advanced 3D algorithms engine initialized | Details: None
2025-08-26 20:11:00,891 - werkzeug - INFO - _internal.py:97 - [31m[1mWARNING: This is a development server. Do not use it in a production deployment. Use a production WSGI server instead.[0m
 * Running on http://127.0.0.1:5001
2025-08-26 20:11:00,891 - werkzeug - INFO - _internal.py:97 - [33mPress CTRL+C to quit[0m
2025-08-26 20:11:01,951 - werkzeug - INFO - _internal.py:97 - 127.0.0.1 - - [26/Aug/2025 20:11:01] "GET / HTTP/1.1" 200 -
2025-08-26 20:11:02,037 - TruckOptimum.Debug - DEBUG - error_logger.py:149 - [ROUTING] 404 Error: http://127.0.0.1:5001/favicon.ico | Details: None
2025-08-26 20:11:02,037 - werkzeug - INFO - _internal.py:97 - 127.0.0.1 - - [26/Aug/2025 20:11:02] "[33mGET /favicon.ico HTTP/1.1[0m" 404 -
2025-08-26 20:11:25,894 - werkzeug - INFO - _internal.py:97 - 127.0.0.1 - - [26/Aug/2025 20:11:25] "GET /campaigns HTTP/1.1" 200 -
2025-08-26 20:11:26,018 - TruckOptimum.Debug - DEBUG - error_logger.py:149 - [ROUTING] 404 Error: http://127.0.0.1:5001/favicon.ico | Details: None
2025-08-26 20:11:26,018 - werkzeug - INFO - _internal.py:97 - 127.0.0.1 - - [26/Aug/2025 20:11:26] "[33mGET /favicon.ico HTTP/1.1[0m" 404 -
2025-08-26 20:12:35,331 - werkzeug - INFO - _internal.py:97 - 127.0.0.1 - - [26/Aug/2025 20:12:35] "GET /campaigns HTTP/1.1" 200 -
2025-08-26 20:12:35,878 - werkzeug - INFO - _internal.py:97 - 127.0.0.1 - - [26/Aug/2025 20:12:35] "GET /recommendations HTTP/1.1" 200 -
2025-08-26 20:12:35,907 - werkzeug - INFO - _internal.py:97 - 127.0.0.1 - - [26/Aug/2025 20:12:35] "GET /api/recommendations?page=1&limit=10 HTTP/1.1" 200 -
2025-08-26 20:12:36,550 - werkzeug - INFO - _internal.py:97 - 127.0.0.1 - - [26/Aug/2025 20:12:36] "GET /campaigns HTTP/1.1" 200 -
2025-08-26 20:22:40,491 - TruckOptimum - INFO - error_logger.py:286 - ============================================================
2025-08-26 20:22:40,491 - TruckOptimum - INFO - error_logger.py:287 - TRUCKOPTIMUM APPLICATION STARTING
2025-08-26 20:22:40,491 - TruckOptimum - INFO - error_logger.py:288 - ============================================================
2025-08-26 20:22:40,491 - TruckOptimum - INFO - error_logger.py:289 - Python Version: 3.13.5 (tags/v3.13.5:6cb20a2, Jun 11 2025, 16:15:46) [MSC v.1943 64 bit (AMD64)]
2025-08-26 20:22:40,491 - TruckOptimum - INFO - error_logger.py:290 - Platform: win32
2025-08-26 20:22:40,491 - TruckOptimum - INFO - error_logger.py:291 - Working Directory: D:\Github\Truck_Opti\TruckOptimum
2025-08-26 20:22:40,491 - TruckOptimum - INFO - error_logger.py:292 - Executable Path: C:\Users\Prakash\AppData\Local\Programs\Python\Python313\python.exe
2025-08-26 20:22:40,491 - TruckOptimum - INFO - error_logger.py:293 - Error Logging: ENABLED
2025-08-26 20:22:40,491 - TruckOptimum - INFO - error_logger.py:294 - Debug Logging: ENABLED
2025-08-26 20:22:40,491 - TruckOptimum - INFO - error_logger.py:295 - Performance Monitoring: ENABLED
2025-08-26 20:22:40,491 - TruckOptimum - INFO - error_logger.py:296 - ============================================================
2025-08-26 20:22:40,492 - TruckOptimum.Debug - DEBUG - error_logger.py:149 - [STARTUP] Advanced 3D algorithms engine initialized | Details: None
2025-08-26 20:22:40,514 - werkzeug - INFO - _internal.py:97 - [31m[1mWARNING: This is a development server. Do not use it in a production deployment. Use a production WSGI server instead.[0m
 * Running on http://127.0.0.1:5001
2025-08-26 20:22:40,514 - werkzeug - INFO - _internal.py:97 - [33mPress CTRL+C to quit[0m
2025-08-26 20:22:41,597 - werkzeug - INFO - _internal.py:97 - 127.0.0.1 - - [26/Aug/2025 20:22:41] "GET / HTTP/1.1" 200 -
2025-08-26 20:23:05,621 - werkzeug - INFO - _internal.py:97 - 127.0.0.1 - - [26/Aug/2025 20:23:05] "GET / HTTP/1.1" 200 -
2025-08-28 08:35:06,994 - TruckOptimum - INFO - error_logger.py:286 - ============================================================
2025-08-28 08:35:06,994 - TruckOptimum - INFO - error_logger.py:287 - TRUCKOPTIMUM APPLICATION STARTING
2025-08-28 08:35:06,994 - TruckOptimum - INFO - error_logger.py:288 - ============================================================
2025-08-28 08:35:06,994 - TruckOptimum - INFO - error_logger.py:289 - Python Version: 3.13.5 (tags/v3.13.5:6cb20a2, Jun 11 2025, 16:15:46) [MSC v.1943 64 bit (AMD64)]
2025-08-28 08:35:06,994 - TruckOptimum - INFO - error_logger.py:290 - Platform: win32
2025-08-28 08:35:06,994 - TruckOptimum - INFO - error_logger.py:291 - Working Directory: D:\Github\Truck_Opti\TruckOptimum
2025-08-28 08:35:06,994 - TruckOptimum - INFO - error_logger.py:292 - Executable Path: D:\Github\Truck_Opti\TruckOptimum\dist\TruckOptimum_v2.7.2_Template_Fixed.exe
2025-08-28 08:35:06,994 - TruckOptimum - INFO - error_logger.py:293 - Error Logging: ENABLED
2025-08-28 08:35:06,994 - TruckOptimum - INFO - error_logger.py:294 - Debug Logging: ENABLED
2025-08-28 08:35:06,994 - TruckOptimum - INFO - error_logger.py:295 - Performance Monitoring: ENABLED
2025-08-28 08:35:06,994 - TruckOptimum - INFO - error_logger.py:296 - ============================================================
2025-08-28 08:35:06,995 - TruckOptimum.Debug - DEBUG - error_logger.py:149 - [STARTUP] Advanced 3D algorithms engine initialized | Details: None
2025-08-28 08:35:07,023 - werkzeug - INFO - _internal.py:97 - [31m[1mWARNING: This is a development server. Do not use it in a production deployment. Use a production WSGI server instead.[0m
 * Running on http://127.0.0.1:5001
2025-08-28 08:35:07,023 - werkzeug - INFO - _internal.py:97 - [33mPress CTRL+C to quit[0m
2025-08-28 08:37:17,886 - TruckOptimum - INFO - error_logger.py:286 - ============================================================
2025-08-28 08:37:17,886 - TruckOptimum - INFO - error_logger.py:287 - TRUCKOPTIMUM APPLICATION STARTING
2025-08-28 08:37:17,886 - TruckOptimum - INFO - error_logger.py:288 - ============================================================
2025-08-28 08:37:17,886 - TruckOptimum - INFO - error_logger.py:289 - Python Version: 3.13.5 (tags/v3.13.5:6cb20a2, Jun 11 2025, 16:15:46) [MSC v.1943 64 bit (AMD64)]
2025-08-28 08:37:17,886 - TruckOptimum - INFO - error_logger.py:290 - Platform: win32
2025-08-28 08:37:17,886 - TruckOptimum - INFO - error_logger.py:291 - Working Directory: D:\Github\Truck_Opti\TruckOptimum
2025-08-28 08:37:17,886 - TruckOptimum - INFO - error_logger.py:292 - Executable Path: D:\Github\Truck_Opti\TruckOptimum\dist\TruckOptimum_v2.7.2_Template_Fixed.exe
2025-08-28 08:37:17,886 - TruckOptimum - INFO - error_logger.py:293 - Error Logging: ENABLED
2025-08-28 08:37:17,886 - TruckOptimum - INFO - error_logger.py:294 - Debug Logging: ENABLED
2025-08-28 08:37:17,886 - TruckOptimum - INFO - error_logger.py:295 - Performance Monitoring: ENABLED
2025-08-28 08:37:17,886 - TruckOptimum - INFO - error_logger.py:296 - ============================================================
2025-08-28 08:37:17,887 - TruckOptimum.Debug - DEBUG - error_logger.py:149 - [STARTUP] Advanced 3D algorithms engine initialized | Details: None
2025-08-28 08:37:17,917 - werkzeug - INFO - _internal.py:97 - [31m[1mWARNING: This is a development server. Do not use it in a production deployment. Use a production WSGI server instead.[0m
 * Running on http://127.0.0.1:5001
2025-08-28 08:37:17,917 - werkzeug - INFO - _internal.py:97 - [33mPress CTRL+C to quit[0m
2025-08-28 08:38:16,369 - TruckOptimum - INFO - error_logger.py:286 - ============================================================
2025-08-28 08:38:16,369 - TruckOptimum - INFO - error_logger.py:287 - TRUCKOPTIMUM APPLICATION STARTING
2025-08-28 08:38:16,369 - TruckOptimum - INFO - error_logger.py:288 - ============================================================
2025-08-28 08:38:16,369 - TruckOptimum - INFO - error_logger.py:289 - Python Version: 3.13.5 (tags/v3.13.5:6cb20a2, Jun 11 2025, 16:15:46) [MSC v.1943 64 bit (AMD64)]
2025-08-28 08:38:16,369 - TruckOptimum - INFO - error_logger.py:290 - Platform: win32
2025-08-28 08:38:16,369 - TruckOptimum - INFO - error_logger.py:291 - Working Directory: D:\Github\Truck_Opti\TruckOptimum
2025-08-28 08:38:16,369 - TruckOptimum - INFO - error_logger.py:292 - Executable Path: D:\Github\Truck_Opti\TruckOptimum\dist\TruckOptimum_v2.7.2_Template_Fixed.exe
2025-08-28 08:38:16,369 - TruckOptimum - INFO - error_logger.py:293 - Error Logging: ENABLED
2025-08-28 08:38:16,369 - TruckOptimum - INFO - error_logger.py:294 - Debug Logging: ENABLED
2025-08-28 08:38:16,369 - TruckOptimum - INFO - error_logger.py:295 - Performance Monitoring: ENABLED
2025-08-28 08:38:16,369 - TruckOptimum - INFO - error_logger.py:296 - ============================================================
2025-08-28 08:38:16,371 - TruckOptimum.Debug - DEBUG - error_logger.py:149 - [STARTUP] Advanced 3D algorithms engine initialized | Details: None
2025-08-28 08:38:16,398 - werkzeug - INFO - _internal.py:97 - [31m[1mWARNING: This is a development server. Do not use it in a production deployment. Use a production WSGI server instead.[0m
 * Running on http://127.0.0.1:5001
2025-08-28 08:38:16,398 - werkzeug - INFO - _internal.py:97 - [33mPress CTRL+C to quit[0m
2025-08-28 08:38:41,965 - TruckOptimum - INFO - error_logger.py:286 - ============================================================
2025-08-28 08:38:41,965 - TruckOptimum - INFO - error_logger.py:287 - TRUCKOPTIMUM APPLICATION STARTING
2025-08-28 08:38:41,965 - TruckOptimum - INFO - error_logger.py:288 - ============================================================
2025-08-28 08:38:41,965 - TruckOptimum - INFO - error_logger.py:289 - Python Version: 3.13.5 (tags/v3.13.5:6cb20a2, Jun 11 2025, 16:15:46) [MSC v.1943 64 bit (AMD64)]
2025-08-28 08:38:41,966 - TruckOptimum - INFO - error_logger.py:290 - Platform: win32
2025-08-28 08:38:41,966 - TruckOptimum - INFO - error_logger.py:291 - Working Directory: D:\Github\Truck_Opti\TruckOptimum
2025-08-28 08:38:41,966 - TruckOptimum - INFO - error_logger.py:292 - Executable Path: C:\Users\Prakash\AppData\Local\Programs\Python\Python313\python.exe
2025-08-28 08:38:41,966 - TruckOptimum - INFO - error_logger.py:293 - Error Logging: ENABLED
2025-08-28 08:38:41,966 - TruckOptimum - INFO - error_logger.py:294 - Debug Logging: ENABLED
2025-08-28 08:38:41,966 - TruckOptimum - INFO - error_logger.py:295 - Performance Monitoring: ENABLED
2025-08-28 08:38:41,966 - TruckOptimum - INFO - error_logger.py:296 - ============================================================
2025-08-28 08:38:41,967 - TruckOptimum.Debug - DEBUG - error_logger.py:149 - [STARTUP] Advanced 3D algorithms engine initialized | Details: None
2025-08-28 08:38:41,994 - werkzeug - INFO - _internal.py:97 - [31m[1mWARNING: This is a development server. Do not use it in a production deployment. Use a production WSGI server instead.[0m
 * Running on http://127.0.0.1:5001
2025-08-28 08:38:41,994 - werkzeug - INFO - _internal.py:97 - [33mPress CTRL+C to quit[0m
2025-08-28 08:41:31,432 - TruckOptimum - INFO - error_logger.py:286 - ============================================================
2025-08-28 08:41:31,432 - TruckOptimum - INFO - error_logger.py:287 - TRUCKOPTIMUM APPLICATION STARTING
2025-08-28 08:41:31,432 - TruckOptimum - INFO - error_logger.py:288 - ============================================================
2025-08-28 08:41:31,432 - TruckOptimum - INFO - error_logger.py:289 - Python Version: 3.13.5 (tags/v3.13.5:6cb20a2, Jun 11 2025, 16:15:46) [MSC v.1943 64 bit (AMD64)]
2025-08-28 08:41:31,432 - TruckOptimum - INFO - error_logger.py:290 - Platform: win32
2025-08-28 08:41:31,432 - TruckOptimum - INFO - error_logger.py:291 - Working Directory: D:\Github\Truck_Opti\TruckOptimum
2025-08-28 08:41:31,432 - TruckOptimum - INFO - error_logger.py:292 - Executable Path: D:\Github\Truck_Opti\TruckOptimum\dist\TruckOptimum_v2.7.2_Template_Fixed.exe
2025-08-28 08:41:31,432 - TruckOptimum - INFO - error_logger.py:293 - Error Logging: ENABLED
2025-08-28 08:41:31,432 - TruckOptimum - INFO - error_logger.py:294 - Debug Logging: ENABLED
2025-08-28 08:41:31,432 - TruckOptimum - INFO - error_logger.py:295 - Performance Monitoring: ENABLED
2025-08-28 08:41:31,432 - TruckOptimum - INFO - error_logger.py:296 - ============================================================
2025-08-28 08:41:31,433 - TruckOptimum.Debug - DEBUG - error_logger.py:149 - [STARTUP] Advanced 3D algorithms engine initialized | Details: None
2025-08-28 08:41:31,444 - g2g_auto_improvement - INFO - auto_improvement_integration.py:76 - 🚀 Starting G2G Auto-Improvement Integration
2025-08-28 08:41:31,447 - g2g_auto_improvement - INFO - auto_improvement_integration.py:91 - ✅ G2G Auto-Improvement System is now active
2025-08-28 08:41:31,466 - werkzeug - INFO - _internal.py:97 - [31m[1mWARNING: This is a development server. Do not use it in a production deployment. Use a production WSGI server instead.[0m
 * Running on http://127.0.0.1:5001
2025-08-28 08:41:31,466 - werkzeug - INFO - _internal.py:97 - [33mPress CTRL+C to quit[0m
2025-08-28 08:42:29,939 - TruckOptimum - INFO - error_logger.py:286 - ============================================================
2025-08-28 08:42:29,940 - TruckOptimum - INFO - error_logger.py:287 - TRUCKOPTIMUM APPLICATION STARTING
2025-08-28 08:42:29,940 - TruckOptimum - INFO - error_logger.py:288 - ============================================================
2025-08-28 08:42:29,940 - TruckOptimum - INFO - error_logger.py:289 - Python Version: 3.13.5 (tags/v3.13.5:6cb20a2, Jun 11 2025, 16:15:46) [MSC v.1943 64 bit (AMD64)]
2025-08-28 08:42:29,940 - TruckOptimum - INFO - error_logger.py:290 - Platform: win32
2025-08-28 08:42:29,940 - TruckOptimum - INFO - error_logger.py:291 - Working Directory: D:\Github\Truck_Opti\TruckOptimum
2025-08-28 08:42:29,940 - TruckOptimum - INFO - error_logger.py:292 - Executable Path: D:\Github\Truck_Opti\TruckOptimum\dist\TruckOptimum_v2.7.2_Template_Fixed.exe
2025-08-28 08:42:29,940 - TruckOptimum - INFO - error_logger.py:293 - Error Logging: ENABLED
2025-08-28 08:42:29,940 - TruckOptimum - INFO - error_logger.py:294 - Debug Logging: ENABLED
2025-08-28 08:42:29,940 - TruckOptimum - INFO - error_logger.py:295 - Performance Monitoring: ENABLED
2025-08-28 08:42:29,940 - TruckOptimum - INFO - error_logger.py:296 - ============================================================
2025-08-28 08:42:29,941 - TruckOptimum.Debug - DEBUG - error_logger.py:149 - [STARTUP] Advanced 3D algorithms engine initialized | Details: None
2025-08-28 08:42:29,968 - werkzeug - INFO - _internal.py:97 - [31m[1mWARNING: This is a development server. Do not use it in a production deployment. Use a production WSGI server instead.[0m
 * Running on http://127.0.0.1:5001
2025-08-28 08:42:29,968 - werkzeug - INFO - _internal.py:97 - [33mPress CTRL+C to quit[0m
2025-09-05 08:17:26,923 - TruckOptimum - INFO - error_logger.py:286 - ============================================================
2025-09-05 08:17:26,923 - TruckOptimum - INFO - error_logger.py:287 - TRUCKOPTIMUM APPLICATION STARTING
2025-09-05 08:17:26,923 - TruckOptimum - INFO - error_logger.py:288 - ============================================================
2025-09-05 08:17:26,923 - TruckOptimum - INFO - error_logger.py:289 - Python Version: 3.13.5 (tags/v3.13.5:6cb20a2, Jun 11 2025, 16:15:46) [MSC v.1943 64 bit (AMD64)]
2025-09-05 08:17:26,923 - TruckOptimum - INFO - error_logger.py:290 - Platform: win32
2025-09-05 08:17:26,923 - TruckOptimum - INFO - error_logger.py:291 - Working Directory: D:\Github\Truck_Opti\TruckOptimum
2025-09-05 08:17:26,923 - TruckOptimum - INFO - error_logger.py:292 - Executable Path: C:\Users\Prakash\AppData\Local\Programs\Python\Python313\python.exe
2025-09-05 08:17:26,923 - TruckOptimum - INFO - error_logger.py:293 - Error Logging: ENABLED
2025-09-05 08:17:26,923 - TruckOptimum - INFO - error_logger.py:294 - Debug Logging: ENABLED
2025-09-05 08:17:26,923 - TruckOptimum - INFO - error_logger.py:295 - Performance Monitoring: ENABLED
2025-09-05 08:17:26,923 - TruckOptimum - INFO - error_logger.py:296 - ============================================================
2025-09-05 08:17:26,933 - TruckOptimum.Debug - DEBUG - error_logger.py:149 - [STARTUP] Advanced 3D algorithms engine initialized | Details: None
2025-09-05 08:17:26,980 - werkzeug - INFO - _internal.py:97 - [31m[1mWARNING: This is a development server. Do not use it in a production deployment. Use a production WSGI server instead.[0m
 * Running on http://127.0.0.1:5001
2025-09-05 08:17:26,980 - werkzeug - INFO - _internal.py:97 - [33mPress CTRL+C to quit[0m
2025-09-05 08:17:28,425 - werkzeug - INFO - _internal.py:97 - 127.0.0.1 - - [05/Sep/2025 08:17:28] "GET / HTTP/1.1" 200 -
2025-09-05 08:17:28,614 - TruckOptimum.Debug - DEBUG - error_logger.py:149 - [ROUTING] 404 Error: http://127.0.0.1:5001/favicon.ico | Details: None
2025-09-05 08:17:28,615 - werkzeug - INFO - _internal.py:97 - 127.0.0.1 - - [05/Sep/2025 08:17:28] "[33mGET /favicon.ico HTTP/1.1[0m" 404 -
2025-09-05 09:07:19,313 - TruckOptimum - INFO - error_logger.py:286 - ============================================================
2025-09-05 09:07:19,313 - TruckOptimum - INFO - error_logger.py:287 - TRUCKOPTIMUM APPLICATION STARTING
2025-09-05 09:07:19,313 - TruckOptimum - INFO - error_logger.py:288 - ============================================================
2025-09-05 09:07:19,313 - TruckOptimum - INFO - error_logger.py:289 - Python Version: 3.13.5 (tags/v3.13.5:6cb20a2, Jun 11 2025, 16:15:46) [MSC v.1943 64 bit (AMD64)]
2025-09-05 09:07:19,313 - TruckOptimum - INFO - error_logger.py:290 - Platform: win32
2025-09-05 09:07:19,313 - TruckOptimum - INFO - error_logger.py:291 - Working Directory: D:\Github\Truck_Opti\TruckOptimum
2025-09-05 09:07:19,313 - TruckOptimum - INFO - error_logger.py:292 - Executable Path: C:\Users\Prakash\AppData\Local\Programs\Python\Python313\python.exe
2025-09-05 09:07:19,313 - TruckOptimum - INFO - error_logger.py:293 - Error Logging: ENABLED
2025-09-05 09:07:19,313 - TruckOptimum - INFO - error_logger.py:294 - Debug Logging: ENABLED
2025-09-05 09:07:19,313 - TruckOptimum - INFO - error_logger.py:295 - Performance Monitoring: ENABLED
2025-09-05 09:07:19,313 - TruckOptimum - INFO - error_logger.py:296 - ============================================================
2025-09-05 09:07:19,314 - TruckOptimum.Debug - DEBUG - error_logger.py:149 - [STARTUP] Advanced 3D algorithms engine initialized | Details: None
2025-09-05 09:07:19,335 - werkzeug - INFO - _internal.py:97 - [31m[1mWARNING: This is a development server. Do not use it in a production deployment. Use a production WSGI server instead.[0m
 * Running on http://127.0.0.1:5001
2025-09-05 09:07:19,335 - werkzeug - INFO - _internal.py:97 - [33mPress CTRL+C to quit[0m
2025-09-05 09:07:20,420 - werkzeug - INFO - _internal.py:97 - 127.0.0.1 - - [05/Sep/2025 09:07:20] "GET / HTTP/1.1" 200 -
2025-09-05 09:07:20,576 - TruckOptimum.Debug - DEBUG - error_logger.py:149 - [ROUTING] 404 Error: http://127.0.0.1:5001/favicon.ico | Details: None
2025-09-05 09:07:20,576 - werkzeug - INFO - _internal.py:97 - 127.0.0.1 - - [05/Sep/2025 09:07:20] "[33mGET /favicon.ico HTTP/1.1[0m" 404 -
2025-09-05 09:09:09,307 - TruckOptimum - INFO - error_logger.py:286 - ============================================================
2025-09-05 09:09:09,307 - TruckOptimum - INFO - error_logger.py:287 - TRUCKOPTIMUM APPLICATION STARTING
2025-09-05 09:09:09,307 - TruckOptimum - INFO - error_logger.py:288 - ============================================================
2025-09-05 09:09:09,307 - TruckOptimum - INFO - error_logger.py:289 - Python Version: 3.13.5 (tags/v3.13.5:6cb20a2, Jun 11 2025, 16:15:46) [MSC v.1943 64 bit (AMD64)]
2025-09-05 09:09:09,307 - TruckOptimum - INFO - error_logger.py:290 - Platform: win32
2025-09-05 09:09:09,307 - TruckOptimum - INFO - error_logger.py:291 - Working Directory: D:\Github\Truck_Opti\TruckOptimum
2025-09-05 09:09:09,307 - TruckOptimum - INFO - error_logger.py:292 - Executable Path: C:\Users\Prakash\AppData\Local\Programs\Python\Python313\python.exe
2025-09-05 09:09:09,307 - TruckOptimum - INFO - error_logger.py:293 - Error Logging: ENABLED
2025-09-05 09:09:09,307 - TruckOptimum - INFO - error_logger.py:294 - Debug Logging: ENABLED
2025-09-05 09:09:09,307 - TruckOptimum - INFO - error_logger.py:295 - Performance Monitoring: ENABLED
2025-09-05 09:09:09,307 - TruckOptimum - INFO - error_logger.py:296 - ============================================================
2025-09-05 09:09:09,308 - TruckOptimum.Debug - DEBUG - error_logger.py:149 - [STARTUP] Advanced 3D algorithms engine initialized | Details: None
2025-09-05 09:09:09,314 - TruckOptimum - INFO - error_logger.py:304 - ============================================================
2025-09-05 09:09:09,314 - TruckOptimum - INFO - error_logger.py:305 - TRUCKOPTIMUM APPLICATION SHUTTING DOWN
2025-09-05 09:09:09,314 - TruckOptimum - INFO - error_logger.py:306 - ============================================================
2025-09-05 09:09:09,314 - TruckOptimum - INFO - error_logger.py:307 - Session Errors: 0
2025-09-05 09:09:09,314 - TruckOptimum - INFO - error_logger.py:308 - Session Report: logs/session_20250905_090909.log
2025-09-05 09:09:09,314 - TruckOptimum - INFO - error_logger.py:309 - Error Logs: logs/truck_optimum_errors.log
2025-09-05 09:09:09,314 - TruckOptimum - INFO - error_logger.py:310 - Debug Logs: logs/truck_optimum_debug.log
2025-09-05 09:09:09,314 - TruckOptimum - INFO - error_logger.py:311 - ============================================================
2025-09-05 09:11:37,416 - TruckOptimum - INFO - error_logger.py:286 - ============================================================
2025-09-05 09:11:37,416 - TruckOptimum - INFO - error_logger.py:287 - TRUCKOPTIMUM APPLICATION STARTING
2025-09-05 09:11:37,416 - TruckOptimum - INFO - error_logger.py:288 - ============================================================
2025-09-05 09:11:37,416 - TruckOptimum - INFO - error_logger.py:289 - Python Version: 3.13.5 (tags/v3.13.5:6cb20a2, Jun 11 2025, 16:15:46) [MSC v.1943 64 bit (AMD64)]
2025-09-05 09:11:37,416 - TruckOptimum - INFO - error_logger.py:290 - Platform: win32
2025-09-05 09:11:37,416 - TruckOptimum - INFO - error_logger.py:291 - Working Directory: D:\Github\Truck_Opti\TruckOptimum
2025-09-05 09:11:37,417 - TruckOptimum - INFO - error_logger.py:292 - Executable Path: C:\Users\Prakash\AppData\Local\Programs\Python\Python313\python.exe
2025-09-05 09:11:37,417 - TruckOptimum - INFO - error_logger.py:293 - Error Logging: ENABLED
2025-09-05 09:11:37,417 - TruckOptimum - INFO - error_logger.py:294 - Debug Logging: ENABLED
2025-09-05 09:11:37,417 - TruckOptimum - INFO - error_logger.py:295 - Performance Monitoring: ENABLED
2025-09-05 09:11:37,417 - TruckOptimum - INFO - error_logger.py:296 - ============================================================
2025-09-05 09:11:37,418 - TruckOptimum.Debug - DEBUG - error_logger.py:149 - [STARTUP] Advanced 3D algorithms engine initialized | Details: None
2025-09-05 09:11:37,428 - TruckOptimum - INFO - error_logger.py:304 - ============================================================
2025-09-05 09:11:37,428 - TruckOptimum - INFO - error_logger.py:305 - TRUCKOPTIMUM APPLICATION SHUTTING DOWN
2025-09-05 09:11:37,428 - TruckOptimum - INFO - error_logger.py:306 - ============================================================
2025-09-05 09:11:37,428 - TruckOptimum - INFO - error_logger.py:307 - Session Errors: 0
2025-09-05 09:11:37,428 - TruckOptimum - INFO - error_logger.py:308 - Session Report: logs/session_20250905_091137.log
2025-09-05 09:11:37,428 - TruckOptimum - INFO - error_logger.py:309 - Error Logs: logs/truck_optimum_errors.log
2025-09-05 09:11:37,428 - TruckOptimum - INFO - error_logger.py:310 - Debug Logs: logs/truck_optimum_debug.log
2025-09-05 09:11:37,428 - TruckOptimum - INFO - error_logger.py:311 - ============================================================
2025-09-05 09:11:57,046 - TruckOptimum - INFO - error_logger.py:286 - ============================================================
2025-09-05 09:11:57,046 - TruckOptimum - INFO - error_logger.py:287 - TRUCKOPTIMUM APPLICATION STARTING
2025-09-05 09:11:57,046 - TruckOptimum - INFO - error_logger.py:288 - ============================================================
2025-09-05 09:11:57,046 - TruckOptimum - INFO - error_logger.py:289 - Python Version: 3.13.5 (tags/v3.13.5:6cb20a2, Jun 11 2025, 16:15:46) [MSC v.1943 64 bit (AMD64)]
2025-09-05 09:11:57,046 - TruckOptimum - INFO - error_logger.py:290 - Platform: win32
2025-09-05 09:11:57,046 - TruckOptimum - INFO - error_logger.py:291 - Working Directory: D:\Github\Truck_Opti\TruckOptimum
2025-09-05 09:11:57,046 - TruckOptimum - INFO - error_logger.py:292 - Executable Path: C:\Users\Prakash\AppData\Local\Programs\Python\Python313\python.exe
2025-09-05 09:11:57,046 - TruckOptimum - INFO - error_logger.py:293 - Error Logging: ENABLED
2025-09-05 09:11:57,046 - TruckOptimum - INFO - error_logger.py:294 - Debug Logging: ENABLED
2025-09-05 09:11:57,046 - TruckOptimum - INFO - error_logger.py:295 - Performance Monitoring: ENABLED
2025-09-05 09:11:57,046 - TruckOptimum - INFO - error_logger.py:296 - ============================================================
2025-09-05 09:11:57,047 - TruckOptimum.Debug - DEBUG - error_logger.py:149 - [STARTUP] Advanced 3D algorithms engine initialized | Details: None
2025-09-05 09:11:57,054 - TruckOptimum - INFO - error_logger.py:304 - ============================================================
2025-09-05 09:11:57,054 - TruckOptimum - INFO - error_logger.py:305 - TRUCKOPTIMUM APPLICATION SHUTTING DOWN
2025-09-05 09:11:57,054 - TruckOptimum - INFO - error_logger.py:306 - ============================================================
2025-09-05 09:11:57,054 - TruckOptimum - INFO - error_logger.py:307 - Session Errors: 0
2025-09-05 09:11:57,054 - TruckOptimum - INFO - error_logger.py:308 - Session Report: logs/session_20250905_091157.log
2025-09-05 09:11:57,054 - TruckOptimum - INFO - error_logger.py:309 - Error Logs: logs/truck_optimum_errors.log
2025-09-05 09:11:57,054 - TruckOptimum - INFO - error_logger.py:310 - Debug Logs: logs/truck_optimum_debug.log
2025-09-05 09:11:57,054 - TruckOptimum - INFO - error_logger.py:311 - ============================================================
2025-09-05 09:12:24,494 - TruckOptimum - INFO - error_logger.py:286 - ============================================================
2025-09-05 09:12:24,494 - TruckOptimum - INFO - error_logger.py:287 - TRUCKOPTIMUM APPLICATION STARTING
2025-09-05 09:12:24,495 - TruckOptimum - INFO - error_logger.py:288 - ============================================================
2025-09-05 09:12:24,495 - TruckOptimum - INFO - error_logger.py:289 - Python Version: 3.13.5 (tags/v3.13.5:6cb20a2, Jun 11 2025, 16:15:46) [MSC v.1943 64 bit (AMD64)]
2025-09-05 09:12:24,495 - TruckOptimum - INFO - error_logger.py:290 - Platform: win32
2025-09-05 09:12:24,495 - TruckOptimum - INFO - error_logger.py:291 - Working Directory: D:\Github\Truck_Opti\TruckOptimum
2025-09-05 09:12:24,495 - TruckOptimum - INFO - error_logger.py:292 - Executable Path: C:\Users\Prakash\AppData\Local\Programs\Python\Python313\python.exe
2025-09-05 09:12:24,495 - TruckOptimum - INFO - error_logger.py:293 - Error Logging: ENABLED
2025-09-05 09:12:24,495 - TruckOptimum - INFO - error_logger.py:294 - Debug Logging: ENABLED
2025-09-05 09:12:24,495 - TruckOptimum - INFO - error_logger.py:295 - Performance Monitoring: ENABLED
2025-09-05 09:12:24,495 - TruckOptimum - INFO - error_logger.py:296 - ============================================================
2025-09-05 09:12:24,496 - TruckOptimum.Debug - DEBUG - error_logger.py:149 - [STARTUP] Advanced 3D algorithms engine initialized | Details: None
2025-09-05 09:12:24,505 - TruckOptimum - INFO - error_logger.py:304 - ============================================================
2025-09-05 09:12:24,505 - TruckOptimum - INFO - error_logger.py:305 - TRUCKOPTIMUM APPLICATION SHUTTING DOWN
2025-09-05 09:12:24,505 - TruckOptimum - INFO - error_logger.py:306 - ============================================================
2025-09-05 09:12:24,505 - TruckOptimum - INFO - error_logger.py:307 - Session Errors: 0
2025-09-05 09:12:24,505 - TruckOptimum - INFO - error_logger.py:308 - Session Report: logs/session_20250905_091224.log
2025-09-05 09:12:24,505 - TruckOptimum - INFO - error_logger.py:309 - Error Logs: logs/truck_optimum_errors.log
2025-09-05 09:12:24,505 - TruckOptimum - INFO - error_logger.py:310 - Debug Logs: logs/truck_optimum_debug.log
2025-09-05 09:12:24,505 - TruckOptimum - INFO - error_logger.py:311 - ============================================================
2025-09-05 09:13:06,261 - TruckOptimum - INFO - error_logger.py:286 - ============================================================
2025-09-05 09:13:06,262 - TruckOptimum - INFO - error_logger.py:287 - TRUCKOPTIMUM APPLICATION STARTING
2025-09-05 09:13:06,262 - TruckOptimum - INFO - error_logger.py:288 - ============================================================
2025-09-05 09:13:06,262 - TruckOptimum - INFO - error_logger.py:289 - Python Version: 3.13.5 (tags/v3.13.5:6cb20a2, Jun 11 2025, 16:15:46) [MSC v.1943 64 bit (AMD64)]
2025-09-05 09:13:06,262 - TruckOptimum - INFO - error_logger.py:290 - Platform: win32
2025-09-05 09:13:06,262 - TruckOptimum - INFO - error_logger.py:291 - Working Directory: D:\Github\Truck_Opti\TruckOptimum
2025-09-05 09:13:06,262 - TruckOptimum - INFO - error_logger.py:292 - Executable Path: C:\Users\Prakash\AppData\Local\Programs\Python\Python313\python.exe
2025-09-05 09:13:06,262 - TruckOptimum - INFO - error_logger.py:293 - Error Logging: ENABLED
2025-09-05 09:13:06,262 - TruckOptimum - INFO - error_logger.py:294 - Debug Logging: ENABLED
2025-09-05 09:13:06,262 - TruckOptimum - INFO - error_logger.py:295 - Performance Monitoring: ENABLED
2025-09-05 09:13:06,262 - TruckOptimum - INFO - error_logger.py:296 - ============================================================
2025-09-05 09:13:06,263 - TruckOptimum.Debug - DEBUG - error_logger.py:149 - [STARTUP] Advanced 3D algorithms engine initialized | Details: None
2025-09-05 09:13:06,287 - werkzeug - INFO - _internal.py:97 - [31m[1mWARNING: This is a development server. Do not use it in a production deployment. Use a production WSGI server instead.[0m
 * Running on http://127.0.0.1:5001
2025-09-05 09:13:06,287 - werkzeug - INFO - _internal.py:97 - [33mPress CTRL+C to quit[0m
2025-09-05 09:13:07,515 - werkzeug - INFO - _internal.py:97 - 127.0.0.1 - - [05/Sep/2025 09:13:07] "GET / HTTP/1.1" 200 -
2025-09-05 09:13:07,672 - TruckOptimum.Debug - DEBUG - error_logger.py:149 - [ROUTING] 404 Error: http://127.0.0.1:5001/favicon.ico | Details: None
2025-09-05 09:13:07,673 - werkzeug - INFO - _internal.py:97 - 127.0.0.1 - - [05/Sep/2025 09:13:07] "[33mGET /favicon.ico HTTP/1.1[0m" 404 -
